// Vitest Snapshot v1, https://vitest.dev/guide/snapshot.html

exports[`Filter Component Tests (Desktop) > renders the filter component correctly 1`] = `
<DocumentFragment>
  <main
    aria-label="Filter based on continents"
    class="_filtercontainer_435ebf"
  >
    <div
      aria-labelledby="filters-title"
      class="_informationbox_435ebf"
      role="region"
    >
      <p
        class="_title_435ebf"
        id="filters-title"
      >
        Filters
      </p>
      <p
        class="_decription_435ebf"
        id="continents-description"
      >
        Continents
      </p>
      <div
        aria-labelledby="continent-filter"
        class="_filterlist_435ebf"
        role="group"
      >
        <section
          class="_filteritem_435ebf"
        >
          <input
            aria-labelledby="label-africa"
            class="_checkbox_435ebf"
            id="Africa"
            name="Africa"
            type="checkbox"
            value="Africa"
          />
          <label
            class="_customCheckbox_435ebf"
            for="Africa"
            id="label-africa"
          >
            <span
              class="_checkboxVisual_435ebf"
              role="presentation"
            />
            Africa
          </label>
        </section>
        <section
          class="_filteritem_435ebf"
        >
          <input
            aria-labelledby="label-asia"
            class="_checkbox_435ebf"
            id="Asia"
            name="Asia"
            type="checkbox"
            value="Asia"
          />
          <label
            class="_customCheckbox_435ebf"
            for="Asia"
            id="label-asia"
          >
            <span
              class="_checkboxVisual_435ebf"
              role="presentation"
            />
            Asia
          </label>
        </section>
        <section
          class="_filteritem_435ebf"
        >
          <input
            aria-labelledby="label-europe"
            class="_checkbox_435ebf"
            id="Europe"
            name="Europe"
            type="checkbox"
            value="Europe"
          />
          <label
            class="_customCheckbox_435ebf"
            for="Europe"
            id="label-europe"
          >
            <span
              class="_checkboxVisual_435ebf"
              role="presentation"
            />
            Europe
          </label>
        </section>
        <section
          class="_filteritem_435ebf"
        >
          <input
            aria-labelledby="label-north-america"
            class="_checkbox_435ebf"
            id="North America"
            name="North America"
            type="checkbox"
            value="North America"
          />
          <label
            class="_customCheckbox_435ebf"
            for="North America"
            id="label-north-america"
          >
            <span
              class="_checkboxVisual_435ebf"
              role="presentation"
            />
            North America
          </label>
        </section>
        <section
          class="_filteritem_435ebf"
        >
          <input
            aria-labelledby="label-oceania"
            class="_checkbox_435ebf"
            id="Oceania"
            name="Oceania"
            type="checkbox"
            value="Oceania"
          />
          <label
            class="_customCheckbox_435ebf"
            for="Oceania"
            id="label-oceania"
          >
            <span
              class="_checkboxVisual_435ebf"
              role="presentation"
            />
            Oceania
          </label>
        </section>
        <section
          class="_filteritem_435ebf"
        >
          <input
            aria-labelledby="label-south-america"
            class="_checkbox_435ebf"
            id="South America"
            name="South America"
            type="checkbox"
            value="South America"
          />
          <label
            class="_customCheckbox_435ebf"
            for="South America"
            id="label-south-america"
          >
            <span
              class="_checkboxVisual_435ebf"
              role="presentation"
            />
            South America
          </label>
        </section>
      </div>
    </div>
  </main>
</DocumentFragment>
`;

exports[`Filter Component Tests (Mobile) > renders the filter component correctly in mobile view 1`] = `
<DocumentFragment>
  <main
    aria-label="Filter based on continents"
    class="_filtercontainer_435ebf"
  >
    <div
      aria-labelledby="filters-title"
      class="_informationbox_435ebf"
      role="region"
    >
      <p
        class="_title_435ebf"
        id="filters-title"
      >
        Filters
      </p>
      <p
        class="_decription_435ebf"
        id="continents-description"
      >
        Continents
      </p>
      <div
        aria-labelledby="continent-filter"
        class="_filterlist_435ebf"
        role="group"
      >
        <section
          class="_filteritem_435ebf"
        >
          <input
            aria-labelledby="label-africa"
            class="_checkbox_435ebf"
            id="Africa"
            name="Africa"
            type="checkbox"
            value="Africa"
          />
          <label
            class="_customCheckbox_435ebf"
            for="Africa"
            id="label-africa"
          >
            <span
              class="_checkboxVisual_435ebf"
              role="presentation"
            />
            Africa
          </label>
        </section>
        <section
          class="_filteritem_435ebf"
        >
          <input
            aria-labelledby="label-asia"
            class="_checkbox_435ebf"
            id="Asia"
            name="Asia"
            type="checkbox"
            value="Asia"
          />
          <label
            class="_customCheckbox_435ebf"
            for="Asia"
            id="label-asia"
          >
            <span
              class="_checkboxVisual_435ebf"
              role="presentation"
            />
            Asia
          </label>
        </section>
        <section
          class="_filteritem_435ebf"
        >
          <input
            aria-labelledby="label-europe"
            class="_checkbox_435ebf"
            id="Europe"
            name="Europe"
            type="checkbox"
            value="Europe"
          />
          <label
            class="_customCheckbox_435ebf"
            for="Europe"
            id="label-europe"
          >
            <span
              class="_checkboxVisual_435ebf"
              role="presentation"
            />
            Europe
          </label>
        </section>
        <section
          class="_filteritem_435ebf"
        >
          <input
            aria-labelledby="label-north-america"
            class="_checkbox_435ebf"
            id="North America"
            name="North America"
            type="checkbox"
            value="North America"
          />
          <label
            class="_customCheckbox_435ebf"
            for="North America"
            id="label-north-america"
          >
            <span
              class="_checkboxVisual_435ebf"
              role="presentation"
            />
            North America
          </label>
        </section>
        <section
          class="_filteritem_435ebf"
        >
          <input
            aria-labelledby="label-oceania"
            class="_checkbox_435ebf"
            id="Oceania"
            name="Oceania"
            type="checkbox"
            value="Oceania"
          />
          <label
            class="_customCheckbox_435ebf"
            for="Oceania"
            id="label-oceania"
          >
            <span
              class="_checkboxVisual_435ebf"
              role="presentation"
            />
            Oceania
          </label>
        </section>
        <section
          class="_filteritem_435ebf"
        >
          <input
            aria-labelledby="label-south-america"
            class="_checkbox_435ebf"
            id="South America"
            name="South America"
            type="checkbox"
            value="South America"
          />
          <label
            class="_customCheckbox_435ebf"
            for="South America"
            id="label-south-america"
          >
            <span
              class="_checkboxVisual_435ebf"
              role="presentation"
            />
            South America
          </label>
        </section>
      </div>
    </div>
  </main>
</DocumentFragment>
`;
