// Vitest Snapshot v1, https://vitest.dev/guide/snapshot.html

exports[`JournalCard > renders correctly and matches snapshot 1`] = `
<DocumentFragment>
  <article
    aria-label="Journal card wrapper for Japan"
    class="_cardWrapper_be814f"
  >
    <a
      href="/JournalPage/Japan"
    >
      <section
        aria-label="Journal card for Japan"
        class="_card_be814f"
      >
        <div
          class="_verticalStrip_be814f"
          role="presentation"
        />
        <img
          alt="Image of Japan"
          class="_cardImage_be814f"
          src="https://example.com/japan.jpg"
        />
        <div
          class="_overlayText_be814f"
          role="text"
        >
          Write Journal
        </div>
      </section>
    </a>
    <div
      aria-label="Journal card text for Japan"
      class="_cardText_be814f"
      role="contentinfo"
    >
      <header
        class="_cardTitle_be814f"
      >
        Japan
      </header>
    </div>
  </article>
</DocumentFragment>
`;
