// Vitest Snapshot v1, https://vitest.dev/guide/snapshot.html

exports[`PopularCountries Tests > renders the popular countries section correctly 1`] = `
<DocumentFragment>
  <section
    aria-label="Buttons with 10 most popular countries"
    class="_popularCountriesSection_f12b3d"
  >
    <p
      aria-label="Title"
      class="_popularTitle_f12b3d"
    >
      Popular countries
    </p>
    <section
      aria-label="Labels for each country"
      class="_labelContainer_f12b3d"
    >
      <label
        aria-label="label for country"
        class="_countryLabel_f12b3d"
      >
        Norway
      </label>
      <label
        aria-label="label for country"
        class="_countryLabel_f12b3d"
      >
        USA
      </label>
      <label
        aria-label="label for country"
        class="_countryLabel_f12b3d"
      >
        Finland
      </label>
      <label
        aria-label="label for country"
        class="_countryLabel_f12b3d"
      >
        Madagascar
      </label>
      <label
        aria-label="label for country"
        class="_countryLabel_f12b3d"
      >
        Germany
      </label>
      <label
        aria-label="label for country"
        class="_countryLabel_f12b3d"
      >
        China
      </label>
      <label
        aria-label="label for country"
        class="_countryLabel_f12b3d"
      >
        Sri lanka
      </label>
      <label
        aria-label="label for country"
        class="_countryLabel_f12b3d"
      >
        Indonesia
      </label>
      <label
        aria-label="label for country"
        class="_countryLabel_f12b3d"
      >
        Japan
      </label>
      <label
        aria-label="label for country"
        class="_countryLabel_f12b3d"
      >
        Thailand
      </label>
    </section>
  </section>
</DocumentFragment>
`;
